Tic Tac Toe version 1.0.0
	 by TEAM ALPHA

   A   B   C
1:   |   |  
  --- --- ---
2:   |   |  
  --- --- ---
3:   |   |  

Player X's turn:
   A   B   C
1: X |   |  
  --- --- ---
2:   |   |  
  --- --- ---
3:   |   |  

Player O's turn:
   A   B   C
1: X | O |  
  --- --- ---
2:   |   |  
  --- --- ---
3:   |   |  

Player X's turn:
   A   B   C
1: X | O | X
  --- --- ---
2:   |   |  
  --- --- ---
3:   |   |  

Player O's turn:
   A   B   C
1: X | O | X
  --- --- ---
2: O |   |  
  --- --- ---
3:   |   |  

Player X's turn:
   A   B   C
1: X | O | X
  --- --- ---
2: O | X |  
  --- --- ---
3:   |   |  

Player O's turn:
   A   B   C
1: X | O | X
  --- --- ---
2: O | X | O
  --- --- ---
3:   |   |  

Player X's turn:
   A   B   C
1: X | O | X
  --- --- ---
2: O | X | O
  --- --- ---
3: X |   |  

The score is:
	X	O	Tie
	1	0	0

Play again? Please come again.

